08:51:06 **** Incremental Build of configuration Debug for project zadatak ****
make -j4 all 
arm-none-eabi-gcc "../Core/Src/main.c" -mcpu=cortex-m0plus -std=gnu11 -g3 -DDEBUG -DUSE_HAL_DRIVER -DSTM32L053xx -c -I../Core/Inc -I../Drivers/STM32L0xx_HAL_Driver/Inc -I../Drivers/STM32L0xx_HAL_Driver/Inc/Legacy -I../Drivers/CMSIS/Device/ST/STM32L0xx/Include -I../Drivers/CMSIS/Include -O0 -ffunction-sections -fdata-sections -Wall -fstack-usage -fcyclomatic-complexity -MMD -MP -MF"Core/Src/main.d" -MT"Core/Src/main.o" --specs=nano.specs -mfloat-abi=soft -mthumb -o "Core/Src/main.o"
../Core/Src/main.c: In function 'main':
../Core/Src/main.c:123:11: warning: pointer targets in passing argument 1 of 'strcmp' differ in signedness [-Wpointer-sign]
  123 | if(strcmp(uartrx, "SHOW CLOCK\n") == 0){  //ako se posalje SHOW CLOCK ponovno pokreni postavljanje vremena
      |           ^~~~~~
      |           |
      |           uint8_t * {aka unsigned char *}
In file included from ../Core/Src/main.c:25:
c:\st\stm32cubeide_1.12.0\stm32cubeide\plugins\com.st.stm32cube.ide.mcu.externaltools.gnu-tools-for-stm32.10.3-2021.10.win32_1.0.200.202301161003\tools\arm-none-eabi\include\string.h:36:14: note: expected 'const char *' but argument is of type 'uint8_t *' {aka 'unsigned char *'}
   36 | int  strcmp (const char *, const char *);
      |              ^~~~~~~~~~~~
../Core/Src/main.c:127:11: warning: pointer targets in passing argument 1 of 'strcmp' differ in signedness [-Wpointer-sign]
  127 | if(strcmp(uartrx, "SETUP TIME\n") == 0){  //ako se posalje SETUP TIME ponovno pokreni postavljanje vremena
      |           ^~~~~~
      |           |
      |           uint8_t * {aka unsigned char *}
In file included from ../Core/Src/main.c:25:
c:\st\stm32cubeide_1.12.0\stm32cubeide\plugins\com.st.stm32cube.ide.mcu.externaltools.gnu-tools-for-stm32.10.3-2021.10.win32_1.0.200.202301161003\tools\arm-none-eabi\include\string.h:36:14: note: expected 'const char *' but argument is of type 'uint8_t *' {aka 'unsigned char *'}
   36 | int  strcmp (const char *, const char *);
      |              ^~~~~~~~~~~~
../Core/Src/main.c:132:8: warning: pointer targets in passing argument 1 of 'strcpy' differ in signedness [-Wpointer-sign]
  132 | strcpy(uartrx, "");
      |        ^~~~~~
      |        |
      |        uint8_t * {aka unsigned char *}
In file included from ../Core/Src/main.c:25:
c:\st\stm32cubeide_1.12.0\stm32cubeide\plugins\com.st.stm32cube.ide.mcu.externaltools.gnu-tools-for-stm32.10.3-2021.10.win32_1.0.200.202301161003\tools\arm-none-eabi\include\string.h:38:16: note: expected 'char * restrict' but argument is of type 'uint8_t *' {aka 'unsigned char *'}
   38 | char  *strcpy (char *__restrict, const char *__restrict);
      |                ^
../Core/Src/main.c: In function 'setup_time':
../Core/Src/main.c:139:31: warning: pointer targets in passing argument 2 of 'HAL_UART_Transmit' differ in signedness [-Wpointer-sign]
  139 |    HAL_UART_Transmit(&huart2, "Unesi sate\n", 11, 25);
      |                               ^~~~~~~~~~~~~~
      |                               |
      |                               char *
In file included from ../Core/Inc/stm32l0xx_hal_conf.h:281,
                 from ../Drivers/STM32L0xx_HAL_Driver/Inc/stm32l0xx_hal.h:29,
                 from ../Core/Inc/main.h:30,
                 from ../Core/Src/main.c:20:
../Drivers/STM32L0xx_HAL_Driver/Inc/stm32l0xx_hal_uart.h:1510:79: note: expected 'const uint8_t *' {aka 'const unsigned char *'} but argument is of type 'char *'
 1510 | HAL_StatusTypeDef HAL_UART_Transmit(UART_HandleTypeDef *huart, const uint8_t *pData, uint16_t Size, uint32_t Timeout);
      |                                                                ~~~~~~~~~~~~~~~^~~~~
../Core/Src/main.c:141:15: warning: implicit declaration of function 'strtol'; did you mean 'strtok'? [-Wimplicit-function-declaration]
  141 |     h = (int*)strtol(hours, NULL, 16);
      |               ^~~~~~
      |               strtok
../Core/Src/main.c:141:7: warning: assignment to 'int' from 'int *' makes integer from pointer without a cast [-Wint-conversion]
  141 |     h = (int*)strtol(hours, NULL, 16);
      |       ^
../Core/Src/main.c:144:32: warning: pointer targets in passing argument 2 of 'HAL_UART_Transmit' differ in signedness [-Wpointer-sign]
  144 |     HAL_UART_Transmit(&huart2, "Unesi minute\n", 13, 25);
      |                                ^~~~~~~~~~~~~~~~
      |                                |
      |                                char *
In file included from ../Core/Inc/stm32l0xx_hal_conf.h:281,
                 from ../Drivers/STM32L0xx_HAL_Driver/Inc/stm32l0xx_hal.h:29,
                 from ../Core/Inc/main.h:30,
                 from ../Core/Src/main.c:20:
../Drivers/STM32L0xx_HAL_Driver/Inc/stm32l0xx_hal_uart.h:1510:79: note: expected 'const uint8_t *' {aka 'const unsigned char *'} but argument is of type 'char *'
 1510 | HAL_StatusTypeDef HAL_UART_Transmit(UART_HandleTypeDef *huart, const uint8_t *pData, uint16_t Size, uint32_t Timeout);
      |                                                                ~~~~~~~~~~~~~~~^~~~~
../Core/Src/main.c:147:6: warning: assignment to 'int' from 'int *' makes integer from pointer without a cast [-Wint-conversion]
  147 |    m = (int*)strtol(minutes, NULL, 16);
      |      ^
arm-none-eabi-gcc -o "zadatak.elf" @"objects.list"   -mcpu=cortex-m0plus -T"C:\Users\DT User\Documents\GitHub\STM32\workspace_1.12.0\zadatak\STM32L053R8TX_FLASH.ld" --specs=nosys.specs -Wl,-Map="zadatak.map" -Wl,--gc-sections -static --specs=nano.specs -mfloat-abi=soft -mthumb -Wl,--start-group -lc -lm -Wl,--end-group
Finished building target: zadatak.elf
 
arm-none-eabi-size   zadatak.elf 
arm-none-eabi-objdump -h -S  zadatak.elf  > "zadatak.list"
   text	   data	    bss	    dec	    hex	filename
  16248	    128	   1944	  18320	   4790	zadatak.elf
Finished building: default.size.stdout
 
Finished building: zadatak.list
 
